******************************************************************************
                  TI ARM Linker PC v18.1.2                     
******************************************************************************
>> Linked Mon Feb 11 19:56:06 2019

OUTPUT FILE NAME:   <Lab2.out>
ENTRY POINT SYMBOL: "_c_int00_noargs"  address: 000032d5


MEMORY CONFIGURATION

         name            origin    length      used     unused   attr    fill
----------------------  --------  ---------  --------  --------  ----  --------
  FLASH                 00000000   00040000  0000370e  0003c8f2  R  X
  SRAM                  20000000   00008000  00002300  00005d00  RW X


SEGMENT ALLOCATION MAP

run origin  load origin   length   init length attrs members
----------  ----------- ---------- ----------- ----- -------
00000000    00000000    00003710   00003710    r-x
  00000000    00000000    0000026c   0000026c    r-- .intvecs
  0000026c    0000026c    00003338   00003338    r-x .text
  000035a4    000035a4    0000011a   0000011a    r-- .const
  000036c0    000036c0    00000050   00000050    r-- .cinit
20000000    20000000    00002304   00000000    rw-
  20000000    20000000    0000026c   00000000    rw- .vtable
  20000270    20000270    00001000   00000000    rw- .stack
  20001270    20001270    00001000   00000000    rw- .sysmem
  20002270    20002270    0000006c   00000000    rw- .bss
  200022dc    200022dc    00000028   00000000    rw- .data


SECTION ALLOCATION MAP

 output                                  attributes/
section   page    origin      length       input sections
--------  ----  ----------  ----------   ----------------
.intvecs   0    00000000    0000026c     
                  00000000    0000026c     tm4c123gh6pm_startup_ccs.obj (.intvecs)

.text      0    0000026c    00003338     
                  0000026c    00000a9c     open_interface.obj (.text)
                  00000d08    00000a5e     rtsv7M4_T_le_v4SPD16_eabi.lib : _printfi.c.obj (.text:__TI_printfi)
                  00001766    00000002                                   : _lock.c.obj (.text:_nop)
                  00001768    000003f8     lcd.obj (.text)
                  00001b60    00000270     rtsv7M4_T_le_v4SPD16_eabi.lib : _printfi.c.obj (.text:_pconv_a)
                  00001dd0    000001fc     movement.obj (.text)
                  00001fcc    000001d0     rtsv7M4_T_le_v4SPD16_eabi.lib : _printfi.c.obj (.text:_pconv_g)
                  0000219c    000001b6                                   : fd_add_t2.asm.obj (.text)
                  00002352    00000002                                   : div0.asm.obj (.text)
                  00002354    00000158     timer.obj (.text)
                  000024ac    0000013c     rtsv7M4_T_le_v4SPD16_eabi.lib : _printfi.c.obj (.text:_pconv_e)
                  000025e8    00000136                                   : fd_div_t2.asm.obj (.text)
                  0000271e    00000002     --HOLE-- [fill = 0]
                  00002720    00000120                                   : _printfi.c.obj (.text:fcvt)
                  00002840    00000110                                   : s_scalbn.c.obj (.text:scalbn)
                  00002950    000000fc                                   : fd_mul_t2.asm.obj (.text)
                  00002a4c    000000d8                                   : memory.c.obj (.text:free)
                  00002b24    000000b1                                   : _printfi.c.obj (.text:_ltostr)
                  00002bd5    00000001     --HOLE-- [fill = 0]
                  00002bd6    0000009c                                   : memcpy_t2.asm.obj (.text)
                  00002c72    00000096                                   : ull_div_t2.asm.obj (.text)
                  00002d08    00000086                                   : fd_cmp_t2.asm.obj (.text:__aeabi_cdcmple)
                  00002d8e    00000086                                   : fd_cmp_t2.asm.obj (.text:__aeabi_cdrcmple)
                  00002e14    0000007a                                   : memset_t2.asm.obj (.text)
                  00002e8e    00000002     --HOLE-- [fill = 0]
                  00002e90    00000078                                   : memory.c.obj (.text:malloc)
                  00002f08    0000006e                                   : _printfi.c.obj (.text:_mcpy)
                  00002f76    00000068                                   : copy_decompress_lzss.c.obj (.text:decompress:lzss:__TI_decompress_lzss)
                  00002fde    00000002     --HOLE-- [fill = 0]
                  00002fe0    00000064                                   : s_frexp.c.obj (.text:frexp)
                  00003044    00000056                                   : _printfi.c.obj (.text:_pconv_f)
                  0000309a    00000054                                   : ltoa.c.obj (.text:ltoa)
                  000030ee    00000052                                   : _printfi.c.obj (.text:_ecpy)
                  00003140    0000004c                                   : atoi.c.obj (.text:atoi)
                  0000318c    00000048                                   : fd_toi_t2.asm.obj (.text)
                  000031d4    00000044                                   : autoinit.c.obj (.text:__TI_auto_init_nobinit_nopinit:__TI_auto_init_nobinit_nopinit)
                  00003218    00000040                                   : vsnprintf.c.obj (.text:vsnprintf)
                  00003258    0000003e                                   : _printfi.c.obj (.text:_fcpy)
                  00003296    00000002     --HOLE-- [fill = 0]
                  00003298    0000003c                                   : memory.c.obj (.text:minsert)
                  000032d4    00000038                                   : boot_cortex_m.c.obj (.text:_c_int00_noargs:_c_int00_noargs)
                  0000330c    00000038                                   : memory.c.obj (.text:minit)
                  00003344    00000034     driverlib.lib : interrupt.obj (.text:IntRegister)
                  00003378    00000030     rtsv7M4_T_le_v4SPD16_eabi.lib : vsnprintf.c.obj (.text:_outs)
                  000033a8    0000002e                                   : i_tofd_t2.asm.obj (.text)
                  000033d6    0000002a                                   : memory.c.obj (.text:calloc)
                  00003400    0000002a     l1_main.obj (.text)
                  0000342a    00000002     --HOLE-- [fill = 0]
                  0000342c    00000028     rtsv7M4_T_le_v4SPD16_eabi.lib : memory.c.obj (.text:mremove)
                  00003454    0000001e                                   : strcat.c.obj (.text:strcat)
                  00003472    0000001c                                   : memccpy.c.obj (.text:memccpy)
                  0000348e    00000018                                   : vsnprintf.c.obj (.text:_outc)
                  000034a6    00000018     open_interface.obj (.text:oi_parseInt)
                  000034be    00000018     rtsv7M4_T_le_v4SPD16_eabi.lib : strcmp.c.obj (.text:strcmp)
                  000034d6    00000016                                   : strchr.c.obj (.text:strchr)
                  000034ec    00000014                                   : s_copysign.c.obj (.text:copysign)
                  00003500    00000014                                   : strcpy.c.obj (.text:strcpy)
                  00003514    00000014                                   : strlen.c.obj (.text:strlen)
                  00003528    00000012                                   : copy_zero_init.c.obj (.text:decompress:ZI:__TI_zero_init_nomemset:__TI_zero_init_nomemset)
                  0000353a    00000012                                   : wcslen.c.obj (.text:wcslen)
                  0000354c    00000010     driverlib.lib : interrupt.obj (.text:IntMasterEnable)
                  0000355c    00000010     lcd.obj (.text:lcd_clear)
                  0000356c    0000000e     rtsv7M4_T_le_v4SPD16_eabi.lib : copy_decompress_none.c.obj (.text:decompress:none:__TI_decompress_none)
                  0000357a    0000000c     driverlib.lib : cpu.obj (.text:CPUcpsie)
                  00003586    0000000c     tm4c123gh6pm_startup_ccs.obj (.text)
                  00003592    00000002     --HOLE-- [fill = 0]
                  00003594    00000008     rtsv7M4_T_le_v4SPD16_eabi.lib : errno.c.obj (.text:__aeabi_errno_addr)
                  0000359c    00000004                                   : pre_init.c.obj (.text:_system_pre_init)
                  000035a0    00000004                                   : exit.c.obj (.text:abort:abort)

.const     0    000035a4    0000011a     
                  000035a4    00000101     rtsv7M4_T_le_v4SPD16_eabi.lib : ctype.c.obj (.const:.string:_ctypes_)
                  000036a5    0000000f     open_interface.obj (.const:.string:$P$T0$3)
                  000036b4    00000004     lcd.obj (.const:.string:lineAddress$1)
                  000036b8    00000004     lcd.obj (.const:.string:lineAddresses$2)
                  000036bc    00000002     lcd.obj (.const:.string:$P$T0$4)

.cinit     0    000036c0    00000050     
                  000036c0    00000018     (.cinit..data.load) [load image, compression = lzss]
                  000036d8    0000000c     (__TI_handler_table)
                  000036e4    00000004     --HOLE-- [fill = 0]
                  000036e8    00000008     (.cinit..bss.load) [load image, compression = zero_init]
                  000036f0    00000008     (.cinit..vtable.load) [load image, compression = zero_init]
                  000036f8    00000018     (__TI_cinit_table)

.init_array 
*          0    00000000    00000000     UNINITIALIZED

.vtable    0    20000000    0000026c     UNINITIALIZED
                  20000000    0000026c     driverlib.lib : interrupt.obj (.vtable)

.stack     0    20000270    00001000     UNINITIALIZED
                  20000270    00000004     rtsv7M4_T_le_v4SPD16_eabi.lib : boot_cortex_m.c.obj (.stack)
                  20000274    00000ffc     --HOLE--

.sysmem    0    20001270    00001000     UNINITIALIZED
                  20001270    00000008     rtsv7M4_T_le_v4SPD16_eabi.lib : memory.c.obj (.sysmem)
                  20001278    00000ff8     --HOLE--

.bss       0    20002270    0000006c     UNINITIALIZED
                  20002270    00000054     lcd.obj (.bss:lastbuffer$3)
                  200022c4    00000018     open_interface.obj (.bss:firmware$2)

.data      0    200022dc    00000028     UNINITIALIZED
                  200022dc    00000010     open_interface.obj (.data)
                  200022ec    0000000c     rtsv7M4_T_le_v4SPD16_eabi.lib : memory.c.obj (.data:$O1$$)
                  200022f8    00000008                                   : _lock.c.obj (.data:$O1$$)
                  20002300    00000004                                   : errno.c.obj (.data)

MODULE SUMMARY

       Module                         code    ro data   rw data
       ------                         ----    -------   -------
    .\
       open_interface.obj             2740    15        40     
       lcd.obj                        1032    10        84     
       tm4c123gh6pm_startup_ccs.obj   12      620       0      
       movement.obj                   508     0         0      
       timer.obj                      344     0         0      
       l1_main.obj                    42      0         0      
    +--+------------------------------+-------+---------+---------+
       Total:                         4678    645       124    
                                                               
    C:/ti/TivaWare_C_Series-2.1.4.178/driverlib/ccs/Debug/driverlib.lib
       interrupt.obj                  68      0         620    
       cpu.obj                        12      0         0      
    +--+------------------------------+-------+---------+---------+
       Total:                         80      0         620    
                                                               
    C:\ti\ccsv8\tools\compiler\ti-cgt-arm_18.1.2.LTS\lib\rtsv7M4_T_le_v4SPD16_eabi.lib
       _printfi.c.obj                 4863    0         0      
       memory.c.obj                   534     0         12     
       fd_add_t2.asm.obj              438     0         0      
       fd_div_t2.asm.obj              310     0         0      
       s_scalbn.c.obj                 272     0         0      
       fd_cmp_t2.asm.obj              268     0         0      
       ctype.c.obj                    0       257       0      
       fd_mul_t2.asm.obj              252     0         0      
       memcpy_t2.asm.obj              156     0         0      
       ull_div_t2.asm.obj             150     0         0      
       vsnprintf.c.obj                136     0         0      
       memset_t2.asm.obj              122     0         0      
       copy_decompress_lzss.c.obj     104     0         0      
       s_frexp.c.obj                  100     0         0      
       ltoa.c.obj                     84      0         0      
       atoi.c.obj                     76      0         0      
       fd_toi_t2.asm.obj              72      0         0      
       autoinit.c.obj                 68      0         0      
       boot_cortex_m.c.obj            56      0         0      
       i_tofd_t2.asm.obj              46      0         0      
       strcat.c.obj                   30      0         0      
       memccpy.c.obj                  28      0         0      
       strcmp.c.obj                   24      0         0      
       strchr.c.obj                   22      0         0      
       s_copysign.c.obj               20      0         0      
       strcpy.c.obj                   20      0         0      
       strlen.c.obj                   20      0         0      
       copy_zero_init.c.obj           18      0         0      
       wcslen.c.obj                   18      0         0      
       copy_decompress_none.c.obj     14      0         0      
       errno.c.obj                    8       0         4      
       _lock.c.obj                    2       0         8      
       exit.c.obj                     4       0         0      
       pre_init.c.obj                 4       0         0      
       div0.asm.obj                   2       0         0      
    +--+------------------------------+-------+---------+---------+
       Total:                         8341    257       24     
                                                               
       Heap:                          0       0         4096   
       Stack:                         0       0         4096   
       Linker Generated:              0       76        0      
    +--+------------------------------+-------+---------+---------+
       Grand Total:                   13099   978       8960   


LINKER GENERATED COPY TABLES

__TI_cinit_table @ 000036f8 records: 3, size/record: 8, table size: 24
	.data: load addr=000036c0, load size=00000018 bytes, run addr=200022dc, run size=00000028 bytes, compression=lzss
	.bss: load addr=000036e8, load size=00000008 bytes, run addr=20002270, run size=0000006c bytes, compression=zero_init
	.vtable: load addr=000036f0, load size=00000008 bytes, run addr=20000000, run size=0000026c bytes, compression=zero_init


LINKER GENERATED HANDLER TABLE

__TI_handler_table @ 000036d8 records: 3, size/record: 4, table size: 12
	index: 0, handler: __TI_zero_init
	index: 1, handler: __TI_decompress_lzss
	index: 2, handler: __TI_decompress_none


GLOBAL SYMBOLS: SORTED ALPHABETICALLY BY Name 

address   name                          
-------   ----                          
000035a1  C$$EXIT                       
0000357b  CPUcpsie                      
00000b6d  GPIOF_Handler                 
0000354d  IntMasterEnable               
00003345  IntRegister                   
00003587  ResetISR                      
20001270  __STACK_END                   
00001000  __STACK_SIZE                  
20000470  __STACK_TOP                   
00001000  __SYSMEM_SIZE                 
000036f8  __TI_CINIT_Base               
00003710  __TI_CINIT_Limit              
000036d8  __TI_Handler_Table_Base       
000036e4  __TI_Handler_Table_Limit      
000031d5  __TI_auto_init_nobinit_nopinit
00002f77  __TI_decompress_lzss          
0000356d  __TI_decompress_none          
ffffffff  __TI_pprof_out_hndl           
00000d09  __TI_printfi                  
ffffffff  __TI_prof_data_size           
ffffffff  __TI_prof_data_start          
00000000  __TI_static_base__            
00003529  __TI_zero_init_nomemset       
00002d09  __aeabi_cdcmpeq               
00002d09  __aeabi_cdcmple               
00002d8f  __aeabi_cdrcmple              
0000318d  __aeabi_d2iz                  
000021a7  __aeabi_dadd                  
000025e9  __aeabi_ddiv                  
00002951  __aeabi_dmul                  
0000219d  __aeabi_dsub                  
00003595  __aeabi_errno_addr            
000033a9  __aeabi_i2d                   
00002353  __aeabi_idiv0                 
00002353  __aeabi_ldiv0                 
00002e15  __aeabi_memclr                
00002e15  __aeabi_memclr4               
00002e15  __aeabi_memclr8               
00002bd7  __aeabi_memcpy                
00002bd7  __aeabi_memcpy4               
00002bd7  __aeabi_memcpy8               
00002e17  __aeabi_memset                
00002e17  __aeabi_memset4               
00002e17  __aeabi_memset8               
00002c73  __aeabi_uldivmod              
ffffffff  __binit__                     
ffffffff  __c_args__                    
UNDEFED   __mpu_init                    
20000270  __stack                       
000032d5  _c_int00_noargs               
000035a4  _ctypes_                      
200022f8  _lock                         
00001767  _nop                          
20001270  _sys_memory                   
UNDEFED   _system_post_cinit            
0000359d  _system_pre_init              
200022fc  _unlock                       
000035a1  abort                         
00003141  atoi                          
ffffffff  binit                         
000033d7  calloc                        
000034ed  copysign                      
000034ed  copysignl                     
20002300  errno                         
00002a4d  free                          
00002fe1  frexp                         
00002fe1  frexpl                        
20000000  g_pfnRAMVectors               
00000000  g_pfnVectors                  
00000b99  getDegrees                    
00000929  go_charge                     
00001e57  lab2Bump                      
0000355d  lcd_clear                     
00001901  lcd_gotoLine                  
00001769  lcd_init                      
00001967  lcd_printf                    
00001829  lcd_putc                      
00001861  lcd_puts                      
00001a45  lcd_rotatingBanner            
0000187f  lcd_sendCommand               
000018bd  lcd_sendNibble                
00001929  lcd_setCursorPos              
00002841  ldexp                         
00002841  ldexpl                        
0000309b  ltoa                          
00003401  main                          
00002e91  malloc                        
00003473  memccpy                       
00002bd7  memcpy                        
00002e1d  memset                        
0000330d  minit                         
00001e0f  move_backward                 
00001dd1  move_forward                  
0000026d  oi_alloc                      
00000a53  oi_checkFirmware              
000002c3  oi_close                      
00000279  oi_free                       
000002ad  oi_init                       
00000289  oi_init_noupdate              
000008bf  oi_loadSong                   
000034a7  oi_parseInt                   
00000327  oi_parsePacket                
00000915  oi_play_song                  
00000839  oi_setLeds                    
0000087d  oi_setWheels                  
00000afb  oi_shutoff_init               
00000937  oi_uartInit                   
000009db  oi_uartReceive                
00000a21  oi_uartSendBuff               
000009bf  oi_uartSendChar               
00000a03  oi_uartSendStr                
000002d5  oi_update                     
00002841  scalbn                        
00002841  scalbnl                       
00003455  strcat                        
000034d7  strchr                        
000034bf  strcmp                        
00003501  strcpy                        
00003515  strlen                        
00002465  timer_getClock                
00002419  timer_startClock              
000023b3  timer_startTimer              
0000246b  timer_stopClock               
00002403  timer_stopTimer               
00002389  timer_waitMicros              
00002355  timer_waitMillis              
00001f57  turn_left                     
00001eff  turn_right                    
00003219  vsnprintf                     
0000353b  wcslen                        


GLOBAL SYMBOLS: SORTED BY Symbol Address 

address   name                          
-------   ----                          
00000000  __TI_static_base__            
00000000  g_pfnVectors                  
0000026d  oi_alloc                      
00000279  oi_free                       
00000289  oi_init_noupdate              
000002ad  oi_init                       
000002c3  oi_close                      
000002d5  oi_update                     
00000327  oi_parsePacket                
00000839  oi_setLeds                    
0000087d  oi_setWheels                  
000008bf  oi_loadSong                   
00000915  oi_play_song                  
00000929  go_charge                     
00000937  oi_uartInit                   
000009bf  oi_uartSendChar               
000009db  oi_uartReceive                
00000a03  oi_uartSendStr                
00000a21  oi_uartSendBuff               
00000a53  oi_checkFirmware              
00000afb  oi_shutoff_init               
00000b6d  GPIOF_Handler                 
00000b99  getDegrees                    
00000d09  __TI_printfi                  
00001000  __STACK_SIZE                  
00001000  __SYSMEM_SIZE                 
00001767  _nop                          
00001769  lcd_init                      
00001829  lcd_putc                      
00001861  lcd_puts                      
0000187f  lcd_sendCommand               
000018bd  lcd_sendNibble                
00001901  lcd_gotoLine                  
00001929  lcd_setCursorPos              
00001967  lcd_printf                    
00001a45  lcd_rotatingBanner            
00001dd1  move_forward                  
00001e0f  move_backward                 
00001e57  lab2Bump                      
00001eff  turn_right                    
00001f57  turn_left                     
0000219d  __aeabi_dsub                  
000021a7  __aeabi_dadd                  
00002353  __aeabi_idiv0                 
00002353  __aeabi_ldiv0                 
00002355  timer_waitMillis              
00002389  timer_waitMicros              
000023b3  timer_startTimer              
00002403  timer_stopTimer               
00002419  timer_startClock              
00002465  timer_getClock                
0000246b  timer_stopClock               
000025e9  __aeabi_ddiv                  
00002841  ldexp                         
00002841  ldexpl                        
00002841  scalbn                        
00002841  scalbnl                       
00002951  __aeabi_dmul                  
00002a4d  free                          
00002bd7  __aeabi_memcpy                
00002bd7  __aeabi_memcpy4               
00002bd7  __aeabi_memcpy8               
00002bd7  memcpy                        
00002c73  __aeabi_uldivmod              
00002d09  __aeabi_cdcmpeq               
00002d09  __aeabi_cdcmple               
00002d8f  __aeabi_cdrcmple              
00002e15  __aeabi_memclr                
00002e15  __aeabi_memclr4               
00002e15  __aeabi_memclr8               
00002e17  __aeabi_memset                
00002e17  __aeabi_memset4               
00002e17  __aeabi_memset8               
00002e1d  memset                        
00002e91  malloc                        
00002f77  __TI_decompress_lzss          
00002fe1  frexp                         
00002fe1  frexpl                        
0000309b  ltoa                          
00003141  atoi                          
0000318d  __aeabi_d2iz                  
000031d5  __TI_auto_init_nobinit_nopinit
00003219  vsnprintf                     
000032d5  _c_int00_noargs               
0000330d  minit                         
00003345  IntRegister                   
000033a9  __aeabi_i2d                   
000033d7  calloc                        
00003401  main                          
00003455  strcat                        
00003473  memccpy                       
000034a7  oi_parseInt                   
000034bf  strcmp                        
000034d7  strchr                        
000034ed  copysign                      
000034ed  copysignl                     
00003501  strcpy                        
00003515  strlen                        
00003529  __TI_zero_init_nomemset       
0000353b  wcslen                        
0000354d  IntMasterEnable               
0000355d  lcd_clear                     
0000356d  __TI_decompress_none          
0000357b  CPUcpsie                      
00003587  ResetISR                      
00003595  __aeabi_errno_addr            
0000359d  _system_pre_init              
000035a1  C$$EXIT                       
000035a1  abort                         
000035a4  _ctypes_                      
000036d8  __TI_Handler_Table_Base       
000036e4  __TI_Handler_Table_Limit      
000036f8  __TI_CINIT_Base               
00003710  __TI_CINIT_Limit              
20000000  g_pfnRAMVectors               
20000270  __stack                       
20000470  __STACK_TOP                   
20001270  __STACK_END                   
20001270  _sys_memory                   
200022f8  _lock                         
200022fc  _unlock                       
20002300  errno                         
ffffffff  __TI_pprof_out_hndl           
ffffffff  __TI_prof_data_size           
ffffffff  __TI_prof_data_start          
ffffffff  __binit__                     
ffffffff  __c_args__                    
ffffffff  binit                         
UNDEFED   __mpu_init                    
UNDEFED   _system_post_cinit            

[130 symbols]
