******************************************************************************
                  TI ARM Linker PC v18.1.2                     
******************************************************************************
>> Linked Mon Feb 18 21:54:47 2019

OUTPUT FILE NAME:   <Lab3.out>
ENTRY POINT SYMBOL: "_c_int00_noargs"  address: 00002619


MEMORY CONFIGURATION

         name            origin    length      used     unused   attr    fill
----------------------  --------  ---------  --------  --------  ----  --------
  FLASH                 00000000   00040000  00002947  0003d6b9  R  X
  SRAM                  20000000   00008000  000012d5  00006d2b  RW X


SEGMENT ALLOCATION MAP

run origin  load origin   length   init length attrs members
----------  ----------- ---------- ----------- ----- -------
00000000    00000000    00002948   00002948    r-x
  00000000    00000000    0000026c   0000026c    r-- .intvecs
  0000026c    0000026c    00002590   00002590    r-x .text
  000027fc    000027fc    0000010b   0000010b    r-- .const
  00002908    00002908    00000040   00000040    r-- .cinit
20000000    20000000    000012d9   00000000    rw-
  20000000    20000000    0000026c   00000000    rw- .vtable
  20000270    20000270    00001000   00000000    rw- .stack
  20001270    20001270    0000005c   00000000    rw- .bss
  200012cc    200012cc    0000000d   00000000    rw- .data


SECTION ALLOCATION MAP

 output                                  attributes/
section   page    origin      length       input sections
--------  ----  ----------  ----------   ----------------
.intvecs   0    00000000    0000026c     
                  00000000    0000026c     tm4c123gh6pm_startup_ccs.obj (.intvecs)

.text      0    0000026c    00002590     
                  0000026c    00000a5e     rtsv7M4_T_le_v4SPD16_eabi.lib : _printfi.c.obj (.text:__TI_printfi)
                  00000cca    00000002                                   : div0.asm.obj (.text)
                  00000ccc    000003f8     lcd.obj (.text)
                  000010c4    00000270     rtsv7M4_T_le_v4SPD16_eabi.lib : _printfi.c.obj (.text:_pconv_a)
                  00001334    000001d0                                   : _printfi.c.obj (.text:_pconv_g)
                  00001504    000001b6                                   : fd_add_t2.asm.obj (.text)
                  000016ba    00000002     --HOLE-- [fill = 0]
                  000016bc    00000158     timer.obj (.text)
                  00001814    0000013c     rtsv7M4_T_le_v4SPD16_eabi.lib : _printfi.c.obj (.text:_pconv_e)
                  00001950    00000136                                   : fd_div_t2.asm.obj (.text)
                  00001a86    00000002     --HOLE-- [fill = 0]
                  00001a88    00000128     button.obj (.text)
                  00001bb0    00000120     rtsv7M4_T_le_v4SPD16_eabi.lib : _printfi.c.obj (.text:fcvt)
                  00001cd0    00000110                                   : s_scalbn.c.obj (.text:scalbn)
                  00001de0    000000fc                                   : fd_mul_t2.asm.obj (.text)
                  00001edc    000000b1                                   : _printfi.c.obj (.text:_ltostr)
                  00001f8d    00000001     --HOLE-- [fill = 0]
                  00001f8e    0000009c                                   : memcpy_t2.asm.obj (.text)
                  0000202a    00000096                                   : ull_div_t2.asm.obj (.text)
                  000020c0    00000086                                   : fd_cmp_t2.asm.obj (.text:__aeabi_cdcmple)
                  00002146    00000086                                   : fd_cmp_t2.asm.obj (.text:__aeabi_cdrcmple)
                  000021cc    0000007a                                   : memset_t2.asm.obj (.text)
                  00002246    0000006e                                   : _printfi.c.obj (.text:_mcpy)
                  000022b4    00000068                                   : copy_decompress_lzss.c.obj (.text:decompress:lzss:__TI_decompress_lzss)
                  0000231c    00000064                                   : s_frexp.c.obj (.text:frexp)
                  00002380    00000056                                   : _printfi.c.obj (.text:_pconv_f)
                  000023d6    00000054                                   : ltoa.c.obj (.text:ltoa)
                  0000242a    00000052                                   : _printfi.c.obj (.text:_ecpy)
                  0000247c    0000004c                                   : atoi.c.obj (.text:atoi)
                  000024c8    00000048                                   : fd_toi_t2.asm.obj (.text)
                  00002510    00000044                                   : autoinit.c.obj (.text:__TI_auto_init_nobinit_nopinit:__TI_auto_init_nobinit_nopinit)
                  00002554    00000044     l3main.obj (.text)
                  00002598    00000040     rtsv7M4_T_le_v4SPD16_eabi.lib : vsnprintf.c.obj (.text:vsnprintf)
                  000025d8    0000003e                                   : _printfi.c.obj (.text:_fcpy)
                  00002616    00000002     --HOLE-- [fill = 0]
                  00002618    00000038                                   : boot_cortex_m.c.obj (.text:_c_int00_noargs:_c_int00_noargs)
                  00002650    00000034     driverlib.lib : interrupt.obj (.text:IntRegister)
                  00002684    00000030     rtsv7M4_T_le_v4SPD16_eabi.lib : vsnprintf.c.obj (.text:_outs)
                  000026b4    0000002e                                   : i_tofd_t2.asm.obj (.text)
                  000026e2    0000001e                                   : strcat.c.obj (.text:strcat)
                  00002700    0000001c                                   : memccpy.c.obj (.text:memccpy)
                  0000271c    00000018                                   : vsnprintf.c.obj (.text:_outc)
                  00002734    00000018                                   : strcmp.c.obj (.text:strcmp)
                  0000274c    00000016                                   : strchr.c.obj (.text:strchr)
                  00002762    00000014                                   : s_copysign.c.obj (.text:copysign)
                  00002776    00000014                                   : strcpy.c.obj (.text:strcpy)
                  0000278a    00000014                                   : strlen.c.obj (.text:strlen)
                  0000279e    00000012                                   : copy_zero_init.c.obj (.text:decompress:ZI:__TI_zero_init_nomemset:__TI_zero_init_nomemset)
                  000027b0    00000012                                   : wcslen.c.obj (.text:wcslen)
                  000027c2    00000010     lcd.obj (.text:lcd_clear)
                  000027d2    0000000e     rtsv7M4_T_le_v4SPD16_eabi.lib : copy_decompress_none.c.obj (.text:decompress:none:__TI_decompress_none)
                  000027e0    0000000c     tm4c123gh6pm_startup_ccs.obj (.text)
                  000027ec    00000008     rtsv7M4_T_le_v4SPD16_eabi.lib : errno.c.obj (.text:__aeabi_errno_addr)
                  000027f4    00000004                                   : pre_init.c.obj (.text:_system_pre_init)
                  000027f8    00000004                                   : exit.c.obj (.text:abort:abort)

.const     0    000027fc    0000010b     
                  000027fc    00000101     rtsv7M4_T_le_v4SPD16_eabi.lib : ctype.c.obj (.const:.string:_ctypes_)
                  000028fd    00000004     lcd.obj (.const:.string:lineAddress$1)
                  00002901    00000004     lcd.obj (.const:.string:lineAddresses$2)
                  00002905    00000002     lcd.obj (.const:.string:$P$T0$4)

.cinit     0    00002908    00000040     
                  00002908    0000000c     (__TI_handler_table)
                  00002914    00000004     --HOLE-- [fill = 0]
                  00002918    00000008     (.cinit..bss.load) [load image, compression = zero_init]
                  00002920    00000008     (.cinit..vtable.load) [load image, compression = zero_init]
                  00002928    00000007     (.cinit..data.load) [load image, compression = lzss]
                  0000292f    00000001     --HOLE-- [fill = 0]
                  00002930    00000018     (__TI_cinit_table)

.init_array 
*          0    00000000    00000000     UNINITIALIZED

.vtable    0    20000000    0000026c     UNINITIALIZED
                  20000000    0000026c     driverlib.lib : interrupt.obj (.vtable)

.bss       0    20001270    0000005c     UNINITIALIZED
                  20001270    00000054     lcd.obj (.bss:lastbuffer$3)
                  200012c4    00000004     (.common:button_event_ptr)
                  200012c8    00000004     (.common:button_num_ptr)

.data      0    200012cc    0000000d     UNINITIALIZED
                  200012cc    00000008     l3main.obj (.data)
                  200012d4    00000004     rtsv7M4_T_le_v4SPD16_eabi.lib : errno.c.obj (.data)
                  200012d8    00000001     button.obj (.data)

.stack     0    20000270    00001000     UNINITIALIZED
                  20000270    00000004     rtsv7M4_T_le_v4SPD16_eabi.lib : boot_cortex_m.c.obj (.stack)
                  20000274    00000ffc     --HOLE--

MODULE SUMMARY

       Module                         code   ro data   rw data
       ------                         ----   -------   -------
    .\
       lcd.obj                        1032   10        84     
       tm4c123gh6pm_startup_ccs.obj   12     620       0      
       timer.obj                      344    0         0      
       button.obj                     296    0         9      
       l3main.obj                     68     0         8      
    +--+------------------------------+------+---------+---------+
       Total:                         1752   630       101    
                                                              
    C:/ti/TivaWare_C_Series-2.1.4.178/driverlib/ccs/Debug/driverlib.lib
       interrupt.obj                  52     0         620    
    +--+------------------------------+------+---------+---------+
       Total:                         52     0         620    
                                                              
    C:\ti\ccsv8\tools\compiler\ti-cgt-arm_18.1.2.LTS\lib\rtsv7M4_T_le_v4SPD16_eabi.lib
       _printfi.c.obj                 4863   0         0      
       fd_add_t2.asm.obj              438    0         0      
       fd_div_t2.asm.obj              310    0         0      
       s_scalbn.c.obj                 272    0         0      
       fd_cmp_t2.asm.obj              268    0         0      
       ctype.c.obj                    0      257       0      
       fd_mul_t2.asm.obj              252    0         0      
       memcpy_t2.asm.obj              156    0         0      
       ull_div_t2.asm.obj             150    0         0      
       vsnprintf.c.obj                136    0         0      
       memset_t2.asm.obj              122    0         0      
       copy_decompress_lzss.c.obj     104    0         0      
       s_frexp.c.obj                  100    0         0      
       ltoa.c.obj                     84     0         0      
       atoi.c.obj                     76     0         0      
       fd_toi_t2.asm.obj              72     0         0      
       autoinit.c.obj                 68     0         0      
       boot_cortex_m.c.obj            56     0         0      
       i_tofd_t2.asm.obj              46     0         0      
       strcat.c.obj                   30     0         0      
       memccpy.c.obj                  28     0         0      
       strcmp.c.obj                   24     0         0      
       strchr.c.obj                   22     0         0      
       s_copysign.c.obj               20     0         0      
       strcpy.c.obj                   20     0         0      
       strlen.c.obj                   20     0         0      
       copy_zero_init.c.obj           18     0         0      
       wcslen.c.obj                   18     0         0      
       copy_decompress_none.c.obj     14     0         0      
       errno.c.obj                    8      0         4      
       exit.c.obj                     4      0         0      
       pre_init.c.obj                 4      0         0      
       div0.asm.obj                   2      0         0      
    +--+------------------------------+------+---------+---------+
       Total:                         7805   257       4      
                                                              
       Stack:                         0      0         4096   
       Linker Generated:              0      59        0      
    +--+------------------------------+------+---------+---------+
       Grand Total:                   9609   946       4821   


LINKER GENERATED COPY TABLES

__TI_cinit_table @ 00002930 records: 3, size/record: 8, table size: 24
	.bss: load addr=00002918, load size=00000008 bytes, run addr=20001270, run size=0000005c bytes, compression=zero_init
	.vtable: load addr=00002920, load size=00000008 bytes, run addr=20000000, run size=0000026c bytes, compression=zero_init
	.data: load addr=00002928, load size=00000007 bytes, run addr=200012cc, run size=0000000d bytes, compression=lzss


LINKER GENERATED HANDLER TABLE

__TI_handler_table @ 00002908 records: 3, size/record: 4, table size: 12
	index: 0, handler: __TI_zero_init
	index: 1, handler: __TI_decompress_lzss
	index: 2, handler: __TI_decompress_none


GLOBAL SYMBOLS: SORTED ALPHABETICALLY BY Name 

address   name                          
-------   ----                          
000027f9  C$$EXIT                       
00002651  IntRegister                   
000027e1  ResetISR                      
20001270  __STACK_END                   
00001000  __STACK_SIZE                  
20000470  __STACK_TOP                   
00002930  __TI_CINIT_Base               
00002948  __TI_CINIT_Limit              
00002908  __TI_Handler_Table_Base       
00002914  __TI_Handler_Table_Limit      
00002511  __TI_auto_init_nobinit_nopinit
000022b5  __TI_decompress_lzss          
000027d3  __TI_decompress_none          
ffffffff  __TI_pprof_out_hndl           
0000026d  __TI_printfi                  
ffffffff  __TI_prof_data_size           
ffffffff  __TI_prof_data_start          
00000000  __TI_static_base__            
0000279f  __TI_zero_init_nomemset       
000020c1  __aeabi_cdcmpeq               
000020c1  __aeabi_cdcmple               
00002147  __aeabi_cdrcmple              
000024c9  __aeabi_d2iz                  
0000150f  __aeabi_dadd                  
00001951  __aeabi_ddiv                  
00001de1  __aeabi_dmul                  
00001505  __aeabi_dsub                  
000027ed  __aeabi_errno_addr            
000026b5  __aeabi_i2d                   
00000ccb  __aeabi_idiv0                 
00000ccb  __aeabi_ldiv0                 
000021cd  __aeabi_memclr                
000021cd  __aeabi_memclr4               
000021cd  __aeabi_memclr8               
00001f8f  __aeabi_memcpy                
00001f8f  __aeabi_memcpy4               
00001f8f  __aeabi_memcpy8               
000021cf  __aeabi_memset                
000021cf  __aeabi_memset4               
000021cf  __aeabi_memset8               
0000202b  __aeabi_uldivmod              
ffffffff  __binit__                     
ffffffff  __c_args__                    
UNDEFED   __mpu_init                    
20000270  __stack                       
00002619  _c_int00_noargs               
000027fc  _ctypes_                      
UNDEFED   _system_post_cinit            
000027f5  _system_pre_init              
000027f9  abort                         
0000247d  atoi                          
ffffffff  binit                         
00001b27  button_checkButtons           
200012cc  button_event                  
200012c4  button_event_ptr              
00001b31  button_getButton              
00001a89  button_init                   
200012d0  button_num                    
200012c8  button_num_ptr                
00002763  copysign                      
00002763  copysignl                     
200012d4  errno                         
0000231d  frexp                         
0000231d  frexpl                        
20000000  g_pfnRAMVectors               
00000000  g_pfnVectors                  
00001b07  gpioe_handler                 
00001ab3  init_button_interrupts        
000027c3  lcd_clear                     
00000e65  lcd_gotoLine                  
00000ccd  lcd_init                      
00000ecb  lcd_printf                    
00000d8d  lcd_putc                      
00000dc5  lcd_puts                      
00000fa9  lcd_rotatingBanner            
00000de3  lcd_sendCommand               
00000e21  lcd_sendNibble                
00000e8d  lcd_setCursorPos              
00001cd1  ldexp                         
00001cd1  ldexpl                        
000023d7  ltoa                          
00002555  main                          
00002701  memccpy                       
00001f8f  memcpy                        
000021d5  memset                        
00001cd1  scalbn                        
00001cd1  scalbnl                       
000026e3  strcat                        
0000274d  strchr                        
00002735  strcmp                        
00002777  strcpy                        
0000278b  strlen                        
000017cd  timer_getClock                
00001781  timer_startClock              
0000171b  timer_startTimer              
000017d3  timer_stopClock               
0000176b  timer_stopTimer               
000016f1  timer_waitMicros              
000016bd  timer_waitMillis              
00002599  vsnprintf                     
000027b1  wcslen                        


GLOBAL SYMBOLS: SORTED BY Symbol Address 

address   name                          
-------   ----                          
00000000  __TI_static_base__            
00000000  g_pfnVectors                  
0000026d  __TI_printfi                  
00000ccb  __aeabi_idiv0                 
00000ccb  __aeabi_ldiv0                 
00000ccd  lcd_init                      
00000d8d  lcd_putc                      
00000dc5  lcd_puts                      
00000de3  lcd_sendCommand               
00000e21  lcd_sendNibble                
00000e65  lcd_gotoLine                  
00000e8d  lcd_setCursorPos              
00000ecb  lcd_printf                    
00000fa9  lcd_rotatingBanner            
00001000  __STACK_SIZE                  
00001505  __aeabi_dsub                  
0000150f  __aeabi_dadd                  
000016bd  timer_waitMillis              
000016f1  timer_waitMicros              
0000171b  timer_startTimer              
0000176b  timer_stopTimer               
00001781  timer_startClock              
000017cd  timer_getClock                
000017d3  timer_stopClock               
00001951  __aeabi_ddiv                  
00001a89  button_init                   
00001ab3  init_button_interrupts        
00001b07  gpioe_handler                 
00001b27  button_checkButtons           
00001b31  button_getButton              
00001cd1  ldexp                         
00001cd1  ldexpl                        
00001cd1  scalbn                        
00001cd1  scalbnl                       
00001de1  __aeabi_dmul                  
00001f8f  __aeabi_memcpy                
00001f8f  __aeabi_memcpy4               
00001f8f  __aeabi_memcpy8               
00001f8f  memcpy                        
0000202b  __aeabi_uldivmod              
000020c1  __aeabi_cdcmpeq               
000020c1  __aeabi_cdcmple               
00002147  __aeabi_cdrcmple              
000021cd  __aeabi_memclr                
000021cd  __aeabi_memclr4               
000021cd  __aeabi_memclr8               
000021cf  __aeabi_memset                
000021cf  __aeabi_memset4               
000021cf  __aeabi_memset8               
000021d5  memset                        
000022b5  __TI_decompress_lzss          
0000231d  frexp                         
0000231d  frexpl                        
000023d7  ltoa                          
0000247d  atoi                          
000024c9  __aeabi_d2iz                  
00002511  __TI_auto_init_nobinit_nopinit
00002555  main                          
00002599  vsnprintf                     
00002619  _c_int00_noargs               
00002651  IntRegister                   
000026b5  __aeabi_i2d                   
000026e3  strcat                        
00002701  memccpy                       
00002735  strcmp                        
0000274d  strchr                        
00002763  copysign                      
00002763  copysignl                     
00002777  strcpy                        
0000278b  strlen                        
0000279f  __TI_zero_init_nomemset       
000027b1  wcslen                        
000027c3  lcd_clear                     
000027d3  __TI_decompress_none          
000027e1  ResetISR                      
000027ed  __aeabi_errno_addr            
000027f5  _system_pre_init              
000027f9  C$$EXIT                       
000027f9  abort                         
000027fc  _ctypes_                      
00002908  __TI_Handler_Table_Base       
00002914  __TI_Handler_Table_Limit      
00002930  __TI_CINIT_Base               
00002948  __TI_CINIT_Limit              
20000000  g_pfnRAMVectors               
20000270  __stack                       
20000470  __STACK_TOP                   
20001270  __STACK_END                   
200012c4  button_event_ptr              
200012c8  button_num_ptr                
200012cc  button_event                  
200012d0  button_num                    
200012d4  errno                         
ffffffff  __TI_pprof_out_hndl           
ffffffff  __TI_prof_data_size           
ffffffff  __TI_prof_data_start          
ffffffff  __binit__                     
ffffffff  __c_args__                    
ffffffff  binit                         
UNDEFED   __mpu_init                    
UNDEFED   _system_post_cinit            

[101 symbols]
