******************************************************************************
                  TI ARM Linker PC v18.1.2                     
******************************************************************************
>> Linked Wed Feb 27 13:12:30 2019

OUTPUT FILE NAME:   <Lab4.out>
ENTRY POINT SYMBOL: "_c_int00_noargs"  address: 00002c49


MEMORY CONFIGURATION

         name            origin    length      used     unused   attr    fill
----------------------  --------  ---------  --------  --------  ----  --------
  FLASH                 00000000   00040000  00003022  0003cfde  R  X
  SRAM                  20000000   00008000  000022f4  00005d0c  RW X


SEGMENT ALLOCATION MAP

run origin  load origin   length   init length attrs members
----------  ----------- ---------- ----------- ----- -------
00000000    00000000    00003028   00003028    r-x
  00000000    00000000    0000026c   0000026c    r-- .intvecs
  0000026c    0000026c    00002c48   00002c48    r-x .text
  00002eb4    00002eb4    0000011e   0000011e    r-- .const
  00002fd8    00002fd8    00000050   00000050    r-- .cinit
20000000    20000000    000022f8   00000000    rw-
  20000000    20000000    0000026c   00000000    rw- .vtable
  20000270    20000270    00001000   00000000    rw- .stack
  20001270    20001270    00001000   00000000    rw- .sysmem
  20002270    20002270    00000070   00000000    rw- .bss
  200022e0    200022e0    00000018   00000000    rw- .data


SECTION ALLOCATION MAP

 output                                  attributes/
section   page    origin      length       input sections
--------  ----  ----------  ----------   ----------------
.intvecs   0    00000000    0000026c     
                  00000000    0000026c     tm4c123gh6pm_startup_ccs.obj (.intvecs)

.text      0    0000026c    00002c48     
                  0000026c    00000a5e     rtsv7M4_T_le_v4SPD16_eabi.lib : _printfi.c.obj (.text:__TI_printfi)
                  00000cca    00000002                                   : _lock.c.obj (.text:_nop)
                  00000ccc    000003c8     lcd.obj (.text)
                  00001094    00000270     rtsv7M4_T_le_v4SPD16_eabi.lib : _printfi.c.obj (.text:_pconv_a)
                  00001304    00000268     uart.obj (.text)
                  0000156c    000001d0     rtsv7M4_T_le_v4SPD16_eabi.lib : _printfi.c.obj (.text:_pconv_g)
                  0000173c    000001b6                                   : fd_add_t2.asm.obj (.text)
                  000018f2    00000002                                   : div0.asm.obj (.text)
                  000018f4    00000158     timer.obj (.text)
                  00001a4c    0000013c     rtsv7M4_T_le_v4SPD16_eabi.lib : _printfi.c.obj (.text:_pconv_e)
                  00001b88    00000136                                   : fd_div_t2.asm.obj (.text)
                  00001cbe    00000002     --HOLE-- [fill = 0]
                  00001cc0    00000134                                   : vla_alloc.c.obj (.text:__vla_alloc)
                  00001df4    00000120                                   : _printfi.c.obj (.text:fcvt)
                  00001f14    00000114                                   : memory.c.obj (.text:realloc)
                  00002028    00000110                                   : s_scalbn.c.obj (.text:scalbn)
                  00002138    000000fc                                   : fd_mul_t2.asm.obj (.text)
                  00002234    000000d8                                   : memory.c.obj (.text:free)
                  0000230c    000000d2     l4main.obj (.text)
                  000023de    00000002     --HOLE-- [fill = 0]
                  000023e0    000000b1     rtsv7M4_T_le_v4SPD16_eabi.lib : _printfi.c.obj (.text:_ltostr)
                  00002491    00000001     --HOLE-- [fill = 0]
                  00002492    0000009c                                   : memcpy_t2.asm.obj (.text)
                  0000252e    00000096                                   : ull_div_t2.asm.obj (.text)
                  000025c4    00000086                                   : fd_cmp_t2.asm.obj (.text:__aeabi_cdcmple)
                  0000264a    00000086                                   : fd_cmp_t2.asm.obj (.text:__aeabi_cdrcmple)
                  000026d0    0000007a                                   : memset_t2.asm.obj (.text)
                  0000274a    00000002     --HOLE-- [fill = 0]
                  0000274c    00000078                                   : vla_alloc.c.obj (.text:_ZN33_INTERNAL_11_vla_alloc_c_be8bd49b21free_dead_allocationsEPv)
                  000027c4    00000078                                   : memory.c.obj (.text:malloc)
                  0000283c    0000006e                                   : _printfi.c.obj (.text:_mcpy)
                  000028aa    00000068                                   : copy_decompress_lzss.c.obj (.text:decompress:lzss:__TI_decompress_lzss)
                  00002912    00000002     --HOLE-- [fill = 0]
                  00002914    00000064                                   : s_frexp.c.obj (.text:frexp)
                  00002978    00000056                                   : _printfi.c.obj (.text:_pconv_f)
                  000029ce    00000054                                   : ltoa.c.obj (.text:ltoa)
                  00002a22    00000052                                   : _printfi.c.obj (.text:_ecpy)
                  00002a74    0000004c                                   : atoi.c.obj (.text:atoi)
                  00002ac0    00000048                                   : fd_toi_t2.asm.obj (.text)
                  00002b08    00000044                                   : autoinit.c.obj (.text:__TI_auto_init_nobinit_nopinit:__TI_auto_init_nobinit_nopinit)
                  00002b4c    00000040                                   : sprintf.c.obj (.text:sprintf)
                  00002b8c    00000040                                   : vsnprintf.c.obj (.text:vsnprintf)
                  00002bcc    0000003e                                   : _printfi.c.obj (.text:_fcpy)
                  00002c0a    00000002     --HOLE-- [fill = 0]
                  00002c0c    0000003c                                   : memory.c.obj (.text:minsert)
                  00002c48    00000038                                   : boot_cortex_m.c.obj (.text:_c_int00_noargs:_c_int00_noargs)
                  00002c80    00000038                                   : memory.c.obj (.text:minit)
                  00002cb8    00000034     driverlib.lib : interrupt.obj (.text:IntRegister)
                  00002cec    00000030     rtsv7M4_T_le_v4SPD16_eabi.lib : vsnprintf.c.obj (.text:_outs)
                  00002d1c    0000002e                                   : i_tofd_t2.asm.obj (.text)
                  00002d4a    00000002     --HOLE-- [fill = 0]
                  00002d4c    00000028                                   : memory.c.obj (.text:mremove)
                  00002d74    0000001c                                   : memccpy.c.obj (.text:memccpy)
                  00002d90    00000018                                   : vsnprintf.c.obj (.text:_outc)
                  00002da8    00000018                                   : sprintf.c.obj (.text:_outs)
                  00002dc0    00000018                                   : strcmp.c.obj (.text:strcmp)
                  00002dd8    00000016                                   : strchr.c.obj (.text:strchr)
                  00002dee    00000014                                   : s_copysign.c.obj (.text:copysign)
                  00002e02    00000014                                   : strcpy.c.obj (.text:strcpy)
                  00002e16    00000014                                   : strlen.c.obj (.text:strlen)
                  00002e2a    00000012                                   : copy_zero_init.c.obj (.text:decompress:ZI:__TI_zero_init_nomemset:__TI_zero_init_nomemset)
                  00002e3c    00000012                                   : wcslen.c.obj (.text:wcslen)
                  00002e4e    00000010     driverlib.lib : interrupt.obj (.text:IntMasterEnable)
                  00002e5e    00000010     lcd.obj (.text:lcd_clear)
                  00002e6e    0000000e     rtsv7M4_T_le_v4SPD16_eabi.lib : copy_decompress_none.c.obj (.text:decompress:none:__TI_decompress_none)
                  00002e7c    0000000c     driverlib.lib : cpu.obj (.text:CPUcpsie)
                  00002e88    0000000c     tm4c123gh6pm_startup_ccs.obj (.text)
                  00002e94    0000000a     rtsv7M4_T_le_v4SPD16_eabi.lib : sprintf.c.obj (.text:_outc)
                  00002e9e    00000002     --HOLE-- [fill = 0]
                  00002ea0    00000008                                   : errno.c.obj (.text:__aeabi_errno_addr)
                  00002ea8    00000004                                   : error.c.obj (.text:__abort_execution)
                  00002eac    00000004                                   : pre_init.c.obj (.text:_system_pre_init)
                  00002eb0    00000004                                   : exit.c.obj (.text:abort:abort)

.const     0    00002eb4    0000011e     
                  00002eb4    00000101     rtsv7M4_T_le_v4SPD16_eabi.lib : ctype.c.obj (.const:.string:_ctypes_)
                  00002fb5    00000015     lcd.obj (.const:.string:$P$T1$4)
                  00002fca    00000004     lcd.obj (.const:.string:lineAddress$1)
                  00002fce    00000004     lcd.obj (.const:.string:lineAddresses$2)

.cinit     0    00002fd8    00000050     
                  00002fd8    00000018     (.cinit..data.load) [load image, compression = lzss]
                  00002ff0    0000000c     (__TI_handler_table)
                  00002ffc    00000004     --HOLE-- [fill = 0]
                  00003000    00000008     (.cinit..bss.load) [load image, compression = zero_init]
                  00003008    00000008     (.cinit..vtable.load) [load image, compression = zero_init]
                  00003010    00000018     (__TI_cinit_table)

.init_array 
*          0    00000000    00000000     UNINITIALIZED

.vtable    0    20000000    0000026c     UNINITIALIZED
                  20000000    0000026c     driverlib.lib : interrupt.obj (.vtable)

.stack     0    20000270    00001000     UNINITIALIZED
                  20000270    00000004     rtsv7M4_T_le_v4SPD16_eabi.lib : boot_cortex_m.c.obj (.stack)
                  20000274    00000ffc     --HOLE--

.sysmem    0    20001270    00001000     UNINITIALIZED
                  20001270    00000008     rtsv7M4_T_le_v4SPD16_eabi.lib : memory.c.obj (.sysmem)
                  20001278    00000ff8     --HOLE--

.bss       0    20002270    00000070     UNINITIALIZED
                  20002270    00000054     lcd.obj (.bss:lastbuffer$3)
                  200022c4    0000001c     rtsv7M4_T_le_v4SPD16_eabi.lib : vla_alloc.c.obj (.bss:$O1$$)

.data      0    200022e0    00000018     UNINITIALIZED
                  200022e0    0000000c     rtsv7M4_T_le_v4SPD16_eabi.lib : memory.c.obj (.data:$O1$$)
                  200022ec    00000008                                   : _lock.c.obj (.data:$O1$$)
                  200022f4    00000004                                   : errno.c.obj (.data)

MODULE SUMMARY

       Module                         code    ro data   rw data
       ------                         ----    -------   -------
    .\
       lcd.obj                        984     29        84     
       tm4c123gh6pm_startup_ccs.obj   12      620       0      
       uart.obj                       616     0         0      
       timer.obj                      344     0         0      
       l4main.obj                     210     0         0      
    +--+------------------------------+-------+---------+---------+
       Total:                         2166    649       84     
                                                               
    C:/ti/TivaWare_C_Series-2.1.4.178/driverlib/ccs/Debug/driverlib.lib
       interrupt.obj                  68      0         620    
       cpu.obj                        12      0         0      
    +--+------------------------------+-------+---------+---------+
       Total:                         80      0         620    
                                                               
    C:\ti\ccsv8\tools\compiler\ti-cgt-arm_18.1.2.LTS\lib\rtsv7M4_T_le_v4SPD16_eabi.lib
       _printfi.c.obj                 4863    0         0      
       memory.c.obj                   768     0         12     
       vla_alloc.c.obj                428     0         28     
       fd_add_t2.asm.obj              438     0         0      
       fd_div_t2.asm.obj              310     0         0      
       s_scalbn.c.obj                 272     0         0      
       fd_cmp_t2.asm.obj              268     0         0      
       ctype.c.obj                    0       257       0      
       fd_mul_t2.asm.obj              252     0         0      
       memcpy_t2.asm.obj              156     0         0      
       ull_div_t2.asm.obj             150     0         0      
       vsnprintf.c.obj                136     0         0      
       memset_t2.asm.obj              122     0         0      
       copy_decompress_lzss.c.obj     104     0         0      
       s_frexp.c.obj                  100     0         0      
       sprintf.c.obj                  98      0         0      
       ltoa.c.obj                     84      0         0      
       atoi.c.obj                     76      0         0      
       fd_toi_t2.asm.obj              72      0         0      
       autoinit.c.obj                 68      0         0      
       boot_cortex_m.c.obj            56      0         0      
       i_tofd_t2.asm.obj              46      0         0      
       memccpy.c.obj                  28      0         0      
       strcmp.c.obj                   24      0         0      
       strchr.c.obj                   22      0         0      
       s_copysign.c.obj               20      0         0      
       strcpy.c.obj                   20      0         0      
       strlen.c.obj                   20      0         0      
       copy_zero_init.c.obj           18      0         0      
       wcslen.c.obj                   18      0         0      
       copy_decompress_none.c.obj     14      0         0      
       errno.c.obj                    8       0         4      
       _lock.c.obj                    2       0         8      
       error.c.obj                    4       0         0      
       exit.c.obj                     4       0         0      
       pre_init.c.obj                 4       0         0      
       div0.asm.obj                   2       0         0      
    +--+------------------------------+-------+---------+---------+
       Total:                         9075    257       52     
                                                               
       Heap:                          0       0         4096   
       Stack:                         0       0         4096   
       Linker Generated:              0       76        0      
    +--+------------------------------+-------+---------+---------+
       Grand Total:                   11321   982       8948   


LINKER GENERATED COPY TABLES

__TI_cinit_table @ 00003010 records: 3, size/record: 8, table size: 24
	.data: load addr=00002fd8, load size=00000018 bytes, run addr=200022e0, run size=00000018 bytes, compression=lzss
	.bss: load addr=00003000, load size=00000008 bytes, run addr=20002270, run size=00000070 bytes, compression=zero_init
	.vtable: load addr=00003008, load size=00000008 bytes, run addr=20000000, run size=0000026c bytes, compression=zero_init


LINKER GENERATED HANDLER TABLE

__TI_handler_table @ 00002ff0 records: 3, size/record: 4, table size: 12
	index: 0, handler: __TI_zero_init
	index: 1, handler: __TI_decompress_lzss
	index: 2, handler: __TI_decompress_none


GLOBAL SYMBOLS: SORTED ALPHABETICALLY BY Name 

address   name                          
-------   ----                          
00002eb1  C$$EXIT                       
00002e7d  CPUcpsie                      
00002e4f  IntMasterEnable               
00002cb9  IntRegister                   
000013d7  My_UART1_Handler              
00002e89  ResetISR                      
20001270  __STACK_END                   
00001000  __STACK_SIZE                  
20000470  __STACK_TOP                   
00001000  __SYSMEM_SIZE                 
00003010  __TI_CINIT_Base               
00003028  __TI_CINIT_Limit              
00002ff0  __TI_Handler_Table_Base       
00002ffc  __TI_Handler_Table_Limit      
00002b09  __TI_auto_init_nobinit_nopinit
000028ab  __TI_decompress_lzss          
00002e6f  __TI_decompress_none          
ffffffff  __TI_pprof_out_hndl           
0000026d  __TI_printfi                  
ffffffff  __TI_prof_data_size           
ffffffff  __TI_prof_data_start          
00000000  __TI_static_base__            
00002e2b  __TI_zero_init_nomemset       
00002ea9  __abort_execution             
000025c5  __aeabi_cdcmpeq               
000025c5  __aeabi_cdcmple               
0000264b  __aeabi_cdrcmple              
00002ac1  __aeabi_d2iz                  
00001747  __aeabi_dadd                  
00001b89  __aeabi_ddiv                  
00002139  __aeabi_dmul                  
0000173d  __aeabi_dsub                  
00002ea1  __aeabi_errno_addr            
00002d1d  __aeabi_i2d                   
000018f3  __aeabi_idiv0                 
000018f3  __aeabi_ldiv0                 
000026d1  __aeabi_memclr                
000026d1  __aeabi_memclr4               
000026d1  __aeabi_memclr8               
00002493  __aeabi_memcpy                
00002493  __aeabi_memcpy4               
00002493  __aeabi_memcpy8               
000026d3  __aeabi_memset                
000026d3  __aeabi_memset4               
000026d3  __aeabi_memset8               
0000252f  __aeabi_uldivmod              
ffffffff  __binit__                     
ffffffff  __c_args__                    
UNDEFED   __mpu_init                    
20000270  __stack                       
00001cc1  __vla_alloc                   
00002c49  _c_int00_noargs               
00002eb4  _ctypes_                      
200022ec  _lock                         
00000ccb  _nop                          
20001270  _sys_memory                   
UNDEFED   _system_post_cinit            
00002ead  _system_pre_init              
200022f0  _unlock                       
00002eb1  abort                         
00002a75  atoi                          
ffffffff  binit                         
00002def  copysign                      
00002def  copysignl                     
200022f4  errno                         
00002235  free                          
00002915  frexp                         
00002915  frexpl                        
20000000  g_pfnRAMVectors               
00000000  g_pfnVectors                  
UNDEFED   get_reading                   
000014e5  init_UART1                    
00002e5f  lcd_clear                     
00000e65  lcd_gotoLine                  
00000ccd  lcd_init                      
00000ecb  lcd_printf                    
00000d8d  lcd_putc                      
00000dc5  lcd_puts                      
00000fa9  lcd_rotatingBanner            
00000de3  lcd_sendCommand               
00000e21  lcd_sendNibble                
00000e8d  lcd_setCursorPos              
00002029  ldexp                         
00002029  ldexpl                        
000029cf  ltoa                          
0000230d  main                          
000027c5  malloc                        
00002d75  memccpy                       
00002493  memcpy                        
000026d9  memset                        
00002c81  minit                         
00001f15  realloc                       
00002029  scalbn                        
00002029  scalbnl                       
00002b4d  sprintf                       
00002dd9  strchr                        
00002dc1  strcmp                        
00002e03  strcpy                        
00002e17  strlen                        
00001a05  timer_getClock                
000019b9  timer_startClock              
00001953  timer_startTimer              
00001a0b  timer_stopClock               
000019a3  timer_stopTimer               
00001929  timer_waitMicros              
000018f5  timer_waitMillis              
00001305  uart_init                     
00001393  uart_receive                  
00001377  uart_sendChar                 
000013b9  uart_sendStr                  
00002b8d  vsnprintf                     
00002e3d  wcslen                        


GLOBAL SYMBOLS: SORTED BY Symbol Address 

address   name                          
-------   ----                          
00000000  __TI_static_base__            
00000000  g_pfnVectors                  
0000026d  __TI_printfi                  
00000ccb  _nop                          
00000ccd  lcd_init                      
00000d8d  lcd_putc                      
00000dc5  lcd_puts                      
00000de3  lcd_sendCommand               
00000e21  lcd_sendNibble                
00000e65  lcd_gotoLine                  
00000e8d  lcd_setCursorPos              
00000ecb  lcd_printf                    
00000fa9  lcd_rotatingBanner            
00001000  __STACK_SIZE                  
00001000  __SYSMEM_SIZE                 
00001305  uart_init                     
00001377  uart_sendChar                 
00001393  uart_receive                  
000013b9  uart_sendStr                  
000013d7  My_UART1_Handler              
000014e5  init_UART1                    
0000173d  __aeabi_dsub                  
00001747  __aeabi_dadd                  
000018f3  __aeabi_idiv0                 
000018f3  __aeabi_ldiv0                 
000018f5  timer_waitMillis              
00001929  timer_waitMicros              
00001953  timer_startTimer              
000019a3  timer_stopTimer               
000019b9  timer_startClock              
00001a05  timer_getClock                
00001a0b  timer_stopClock               
00001b89  __aeabi_ddiv                  
00001cc1  __vla_alloc                   
00001f15  realloc                       
00002029  ldexp                         
00002029  ldexpl                        
00002029  scalbn                        
00002029  scalbnl                       
00002139  __aeabi_dmul                  
00002235  free                          
0000230d  main                          
00002493  __aeabi_memcpy                
00002493  __aeabi_memcpy4               
00002493  __aeabi_memcpy8               
00002493  memcpy                        
0000252f  __aeabi_uldivmod              
000025c5  __aeabi_cdcmpeq               
000025c5  __aeabi_cdcmple               
0000264b  __aeabi_cdrcmple              
000026d1  __aeabi_memclr                
000026d1  __aeabi_memclr4               
000026d1  __aeabi_memclr8               
000026d3  __aeabi_memset                
000026d3  __aeabi_memset4               
000026d3  __aeabi_memset8               
000026d9  memset                        
000027c5  malloc                        
000028ab  __TI_decompress_lzss          
00002915  frexp                         
00002915  frexpl                        
000029cf  ltoa                          
00002a75  atoi                          
00002ac1  __aeabi_d2iz                  
00002b09  __TI_auto_init_nobinit_nopinit
00002b4d  sprintf                       
00002b8d  vsnprintf                     
00002c49  _c_int00_noargs               
00002c81  minit                         
00002cb9  IntRegister                   
00002d1d  __aeabi_i2d                   
00002d75  memccpy                       
00002dc1  strcmp                        
00002dd9  strchr                        
00002def  copysign                      
00002def  copysignl                     
00002e03  strcpy                        
00002e17  strlen                        
00002e2b  __TI_zero_init_nomemset       
00002e3d  wcslen                        
00002e4f  IntMasterEnable               
00002e5f  lcd_clear                     
00002e6f  __TI_decompress_none          
00002e7d  CPUcpsie                      
00002e89  ResetISR                      
00002ea1  __aeabi_errno_addr            
00002ea9  __abort_execution             
00002ead  _system_pre_init              
00002eb1  C$$EXIT                       
00002eb1  abort                         
00002eb4  _ctypes_                      
00002ff0  __TI_Handler_Table_Base       
00002ffc  __TI_Handler_Table_Limit      
00003010  __TI_CINIT_Base               
00003028  __TI_CINIT_Limit              
20000000  g_pfnRAMVectors               
20000270  __stack                       
20000470  __STACK_TOP                   
20001270  __STACK_END                   
20001270  _sys_memory                   
200022ec  _lock                         
200022f0  _unlock                       
200022f4  errno                         
ffffffff  __TI_pprof_out_hndl           
ffffffff  __TI_prof_data_size           
ffffffff  __TI_prof_data_start          
ffffffff  __binit__                     
ffffffff  __c_args__                    
ffffffff  binit                         
UNDEFED   __mpu_init                    
UNDEFED   _system_post_cinit            
UNDEFED   get_reading                   

[112 symbols]
