******************************************************************************
                  TI ARM Linker PC v18.1.2                     
******************************************************************************
>> Linked Wed Feb 20 12:27:52 2019

OUTPUT FILE NAME:   <Lab1.out>
ENTRY POINT SYMBOL: "_c_int00_noargs"  address: 000024ad


MEMORY CONFIGURATION

         name            origin    length      used     unused   attr    fill
----------------------  --------  ---------  --------  --------  ----  --------
  FLASH                 00000000   00040000  000027c7  0003d839  R  X
  SRAM                  20000000   00008000  00001058  00006fa8  RW X


SEGMENT ALLOCATION MAP

run origin  load origin   length   init length attrs members
----------  ----------- ---------- ----------- ----- -------
00000000    00000000    000027c8   000027c8    r-x
  00000000    00000000    0000026c   0000026c    r-- .intvecs
  0000026c    0000026c    00002420   00002420    r-x .text
  0000268c    0000268c    0000010b   0000010b    r-- .const
  00002798    00002798    00000030   00000030    r-- .cinit
20000000    20000000    00001058   00000000    rw-
  20000000    20000000    00001000   00000000    rw- .stack
  20001000    20001000    00000054   00000000    rw- .bss
  20001054    20001054    00000004   00000000    rw- .data


SECTION ALLOCATION MAP

 output                                  attributes/
section   page    origin      length       input sections
--------  ----  ----------  ----------   ----------------
.intvecs   0    00000000    0000026c     
                  00000000    0000026c     tm4c123gh6pm_startup_ccs.obj (.intvecs)

.text      0    0000026c    00002420     
                  0000026c    00000a5e     rtsv7M4_T_le_v4SPD16_eabi.lib : _printfi.c.obj (.text:__TI_printfi)
                  00000cca    00000002                                   : div0.asm.obj (.text)
                  00000ccc    000003f8     lcd.obj (.text)
                  000010c4    00000270     rtsv7M4_T_le_v4SPD16_eabi.lib : _printfi.c.obj (.text:_pconv_a)
                  00001334    000001d0                                   : _printfi.c.obj (.text:_pconv_g)
                  00001504    000001b6                                   : fd_add_t2.asm.obj (.text)
                  000016ba    00000002     --HOLE-- [fill = 0]
                  000016bc    00000158     timer.obj (.text)
                  00001814    0000013c     rtsv7M4_T_le_v4SPD16_eabi.lib : _printfi.c.obj (.text:_pconv_e)
                  00001950    00000136                                   : fd_div_t2.asm.obj (.text)
                  00001a86    00000002     --HOLE-- [fill = 0]
                  00001a88    00000120                                   : _printfi.c.obj (.text:fcvt)
                  00001ba8    00000110                                   : s_scalbn.c.obj (.text:scalbn)
                  00001cb8    000000fc                                   : fd_mul_t2.asm.obj (.text)
                  00001db4    000000b1                                   : _printfi.c.obj (.text:_ltostr)
                  00001e65    00000001     --HOLE-- [fill = 0]
                  00001e66    0000009c                                   : memcpy_t2.asm.obj (.text)
                  00001f02    00000096                                   : ull_div_t2.asm.obj (.text)
                  00001f98    00000086                                   : fd_cmp_t2.asm.obj (.text:__aeabi_cdcmple)
                  0000201e    00000086                                   : fd_cmp_t2.asm.obj (.text:__aeabi_cdrcmple)
                  000020a4    0000007a                                   : memset_t2.asm.obj (.text)
                  0000211e    0000006e                                   : _printfi.c.obj (.text:_mcpy)
                  0000218c    00000068                                   : copy_decompress_lzss.c.obj (.text:decompress:lzss:__TI_decompress_lzss)
                  000021f4    00000064                                   : s_frexp.c.obj (.text:frexp)
                  00002258    00000056                                   : _printfi.c.obj (.text:_pconv_f)
                  000022ae    00000054                                   : ltoa.c.obj (.text:ltoa)
                  00002302    00000052                                   : _printfi.c.obj (.text:_ecpy)
                  00002354    0000004c                                   : atoi.c.obj (.text:atoi)
                  000023a0    00000048                                   : fd_toi_t2.asm.obj (.text)
                  000023e8    00000044                                   : autoinit.c.obj (.text:__TI_auto_init_nobinit_nopinit:__TI_auto_init_nobinit_nopinit)
                  0000242c    00000040                                   : vsnprintf.c.obj (.text:vsnprintf)
                  0000246c    0000003e                                   : _printfi.c.obj (.text:_fcpy)
                  000024aa    00000002     --HOLE-- [fill = 0]
                  000024ac    00000038                                   : boot_cortex_m.c.obj (.text:_c_int00_noargs:_c_int00_noargs)
                  000024e4    00000030                                   : vsnprintf.c.obj (.text:_outs)
                  00002514    0000002e     l1_main.obj (.text)
                  00002542    0000002e     rtsv7M4_T_le_v4SPD16_eabi.lib : i_tofd_t2.asm.obj (.text)
                  00002570    0000001e                                   : strcat.c.obj (.text:strcat)
                  0000258e    0000001c                                   : memccpy.c.obj (.text:memccpy)
                  000025aa    00000018                                   : vsnprintf.c.obj (.text:_outc)
                  000025c2    00000018                                   : strcmp.c.obj (.text:strcmp)
                  000025da    00000016                                   : strchr.c.obj (.text:strchr)
                  000025f0    00000014                                   : s_copysign.c.obj (.text:copysign)
                  00002604    00000014                                   : strcpy.c.obj (.text:strcpy)
                  00002618    00000014                                   : strlen.c.obj (.text:strlen)
                  0000262c    00000012                                   : copy_zero_init.c.obj (.text:decompress:ZI:__TI_zero_init_nomemset:__TI_zero_init_nomemset)
                  0000263e    00000012                                   : wcslen.c.obj (.text:wcslen)
                  00002650    00000010     lcd.obj (.text:lcd_clear)
                  00002660    0000000e     rtsv7M4_T_le_v4SPD16_eabi.lib : copy_decompress_none.c.obj (.text:decompress:none:__TI_decompress_none)
                  0000266e    0000000c     tm4c123gh6pm_startup_ccs.obj (.text)
                  0000267a    00000002     --HOLE-- [fill = 0]
                  0000267c    00000008     rtsv7M4_T_le_v4SPD16_eabi.lib : errno.c.obj (.text:__aeabi_errno_addr)
                  00002684    00000004                                   : pre_init.c.obj (.text:_system_pre_init)
                  00002688    00000004                                   : exit.c.obj (.text:abort:abort)

.const     0    0000268c    0000010b     
                  0000268c    00000101     rtsv7M4_T_le_v4SPD16_eabi.lib : ctype.c.obj (.const:.string:_ctypes_)
                  0000278d    00000004     lcd.obj (.const:.string:lineAddress$1)
                  00002791    00000004     lcd.obj (.const:.string:lineAddresses$2)
                  00002795    00000002     lcd.obj (.const:.string:$P$T0$4)

.cinit     0    00002798    00000030     
                  00002798    0000000c     (__TI_handler_table)
                  000027a4    00000004     --HOLE-- [fill = 0]
                  000027a8    00000008     (.cinit..bss.load) [load image, compression = zero_init]
                  000027b0    00000007     (.cinit..data.load) [load image, compression = lzss]
                  000027b7    00000001     --HOLE-- [fill = 0]
                  000027b8    00000010     (__TI_cinit_table)

.init_array 
*          0    00000000    00000000     UNINITIALIZED

.bss       0    20001000    00000054     UNINITIALIZED
                  20001000    00000054     lcd.obj (.bss:lastbuffer$3)

.data      0    20001054    00000004     UNINITIALIZED
                  20001054    00000004     rtsv7M4_T_le_v4SPD16_eabi.lib : errno.c.obj (.data)

.stack     0    20000000    00001000     UNINITIALIZED
                  20000000    00000004     rtsv7M4_T_le_v4SPD16_eabi.lib : boot_cortex_m.c.obj (.stack)
                  20000004    00000ffc     --HOLE--

MODULE SUMMARY

       Module                         code   ro data   rw data
       ------                         ----   -------   -------
    .\
       lcd.obj                        1032   10        84     
       tm4c123gh6pm_startup_ccs.obj   12     620       0      
       timer.obj                      344    0         0      
       l1_main.obj                    46     0         0      
    +--+------------------------------+------+---------+---------+
       Total:                         1434   630       84     
                                                              
    C:\ti\ccsv8\tools\compiler\ti-cgt-arm_18.1.2.LTS\lib\rtsv7M4_T_le_v4SPD16_eabi.lib
       _printfi.c.obj                 4863   0         0      
       fd_add_t2.asm.obj              438    0         0      
       fd_div_t2.asm.obj              310    0         0      
       s_scalbn.c.obj                 272    0         0      
       fd_cmp_t2.asm.obj              268    0         0      
       ctype.c.obj                    0      257       0      
       fd_mul_t2.asm.obj              252    0         0      
       memcpy_t2.asm.obj              156    0         0      
       ull_div_t2.asm.obj             150    0         0      
       vsnprintf.c.obj                136    0         0      
       memset_t2.asm.obj              122    0         0      
       copy_decompress_lzss.c.obj     104    0         0      
       s_frexp.c.obj                  100    0         0      
       ltoa.c.obj                     84     0         0      
       atoi.c.obj                     76     0         0      
       fd_toi_t2.asm.obj              72     0         0      
       autoinit.c.obj                 68     0         0      
       boot_cortex_m.c.obj            56     0         0      
       i_tofd_t2.asm.obj              46     0         0      
       strcat.c.obj                   30     0         0      
       memccpy.c.obj                  28     0         0      
       strcmp.c.obj                   24     0         0      
       strchr.c.obj                   22     0         0      
       s_copysign.c.obj               20     0         0      
       strcpy.c.obj                   20     0         0      
       strlen.c.obj                   20     0         0      
       copy_zero_init.c.obj           18     0         0      
       wcslen.c.obj                   18     0         0      
       copy_decompress_none.c.obj     14     0         0      
       errno.c.obj                    8      0         4      
       exit.c.obj                     4      0         0      
       pre_init.c.obj                 4      0         0      
       div0.asm.obj                   2      0         0      
    +--+------------------------------+------+---------+---------+
       Total:                         7805   257       4      
                                                              
       Stack:                         0      0         4096   
       Linker Generated:              0      43        0      
    +--+------------------------------+------+---------+---------+
       Grand Total:                   9239   930       4184   


LINKER GENERATED COPY TABLES

__TI_cinit_table @ 000027b8 records: 2, size/record: 8, table size: 16
	.bss: load addr=000027a8, load size=00000008 bytes, run addr=20001000, run size=00000054 bytes, compression=zero_init
	.data: load addr=000027b0, load size=00000007 bytes, run addr=20001054, run size=00000004 bytes, compression=lzss


LINKER GENERATED HANDLER TABLE

__TI_handler_table @ 00002798 records: 3, size/record: 4, table size: 12
	index: 0, handler: __TI_decompress_lzss
	index: 1, handler: __TI_decompress_none
	index: 2, handler: __TI_zero_init


GLOBAL SYMBOLS: SORTED ALPHABETICALLY BY Name 

address   name                          
-------   ----                          
00002689  C$$EXIT                       
0000266f  ResetISR                      
20001000  __STACK_END                   
00001000  __STACK_SIZE                  
20000200  __STACK_TOP                   
000027b8  __TI_CINIT_Base               
000027c8  __TI_CINIT_Limit              
00002798  __TI_Handler_Table_Base       
000027a4  __TI_Handler_Table_Limit      
000023e9  __TI_auto_init_nobinit_nopinit
0000218d  __TI_decompress_lzss          
00002661  __TI_decompress_none          
ffffffff  __TI_pprof_out_hndl           
0000026d  __TI_printfi                  
ffffffff  __TI_prof_data_size           
ffffffff  __TI_prof_data_start          
00000000  __TI_static_base__            
0000262d  __TI_zero_init_nomemset       
00001f99  __aeabi_cdcmpeq               
00001f99  __aeabi_cdcmple               
0000201f  __aeabi_cdrcmple              
000023a1  __aeabi_d2iz                  
0000150f  __aeabi_dadd                  
00001951  __aeabi_ddiv                  
00001cb9  __aeabi_dmul                  
00001505  __aeabi_dsub                  
0000267d  __aeabi_errno_addr            
00002543  __aeabi_i2d                   
00000ccb  __aeabi_idiv0                 
00000ccb  __aeabi_ldiv0                 
000020a5  __aeabi_memclr                
000020a5  __aeabi_memclr4               
000020a5  __aeabi_memclr8               
00001e67  __aeabi_memcpy                
00001e67  __aeabi_memcpy4               
00001e67  __aeabi_memcpy8               
000020a7  __aeabi_memset                
000020a7  __aeabi_memset4               
000020a7  __aeabi_memset8               
00001f03  __aeabi_uldivmod              
ffffffff  __binit__                     
ffffffff  __c_args__                    
UNDEFED   __mpu_init                    
20000000  __stack                       
000024ad  _c_int00_noargs               
0000268c  _ctypes_                      
UNDEFED   _system_post_cinit            
00002685  _system_pre_init              
00002689  abort                         
00002355  atoi                          
ffffffff  binit                         
000025f1  copysign                      
000025f1  copysignl                     
20001054  errno                         
000021f5  frexp                         
000021f5  frexpl                        
00000000  g_pfnVectors                  
00002651  lcd_clear                     
00000e65  lcd_gotoLine                  
00000ccd  lcd_init                      
00000ecb  lcd_printf                    
00000d8d  lcd_putc                      
00000dc5  lcd_puts                      
00000fa9  lcd_rotatingBanner            
00000de3  lcd_sendCommand               
00000e21  lcd_sendNibble                
00000e8d  lcd_setCursorPos              
00001ba9  ldexp                         
00001ba9  ldexpl                        
000022af  ltoa                          
00002515  main                          
0000258f  memccpy                       
00001e67  memcpy                        
000020ad  memset                        
00001ba9  scalbn                        
00001ba9  scalbnl                       
00002571  strcat                        
000025db  strchr                        
000025c3  strcmp                        
00002605  strcpy                        
00002619  strlen                        
000017cd  timer_getClock                
00001781  timer_startClock              
0000171b  timer_startTimer              
000017d3  timer_stopClock               
0000176b  timer_stopTimer               
000016f1  timer_waitMicros              
000016bd  timer_waitMillis              
0000242d  vsnprintf                     
0000263f  wcslen                        


GLOBAL SYMBOLS: SORTED BY Symbol Address 

address   name                          
-------   ----                          
00000000  __TI_static_base__            
00000000  g_pfnVectors                  
0000026d  __TI_printfi                  
00000ccb  __aeabi_idiv0                 
00000ccb  __aeabi_ldiv0                 
00000ccd  lcd_init                      
00000d8d  lcd_putc                      
00000dc5  lcd_puts                      
00000de3  lcd_sendCommand               
00000e21  lcd_sendNibble                
00000e65  lcd_gotoLine                  
00000e8d  lcd_setCursorPos              
00000ecb  lcd_printf                    
00000fa9  lcd_rotatingBanner            
00001000  __STACK_SIZE                  
00001505  __aeabi_dsub                  
0000150f  __aeabi_dadd                  
000016bd  timer_waitMillis              
000016f1  timer_waitMicros              
0000171b  timer_startTimer              
0000176b  timer_stopTimer               
00001781  timer_startClock              
000017cd  timer_getClock                
000017d3  timer_stopClock               
00001951  __aeabi_ddiv                  
00001ba9  ldexp                         
00001ba9  ldexpl                        
00001ba9  scalbn                        
00001ba9  scalbnl                       
00001cb9  __aeabi_dmul                  
00001e67  __aeabi_memcpy                
00001e67  __aeabi_memcpy4               
00001e67  __aeabi_memcpy8               
00001e67  memcpy                        
00001f03  __aeabi_uldivmod              
00001f99  __aeabi_cdcmpeq               
00001f99  __aeabi_cdcmple               
0000201f  __aeabi_cdrcmple              
000020a5  __aeabi_memclr                
000020a5  __aeabi_memclr4               
000020a5  __aeabi_memclr8               
000020a7  __aeabi_memset                
000020a7  __aeabi_memset4               
000020a7  __aeabi_memset8               
000020ad  memset                        
0000218d  __TI_decompress_lzss          
000021f5  frexp                         
000021f5  frexpl                        
000022af  ltoa                          
00002355  atoi                          
000023a1  __aeabi_d2iz                  
000023e9  __TI_auto_init_nobinit_nopinit
0000242d  vsnprintf                     
000024ad  _c_int00_noargs               
00002515  main                          
00002543  __aeabi_i2d                   
00002571  strcat                        
0000258f  memccpy                       
000025c3  strcmp                        
000025db  strchr                        
000025f1  copysign                      
000025f1  copysignl                     
00002605  strcpy                        
00002619  strlen                        
0000262d  __TI_zero_init_nomemset       
0000263f  wcslen                        
00002651  lcd_clear                     
00002661  __TI_decompress_none          
0000266f  ResetISR                      
0000267d  __aeabi_errno_addr            
00002685  _system_pre_init              
00002689  C$$EXIT                       
00002689  abort                         
0000268c  _ctypes_                      
00002798  __TI_Handler_Table_Base       
000027a4  __TI_Handler_Table_Limit      
000027b8  __TI_CINIT_Base               
000027c8  __TI_CINIT_Limit              
20000000  __stack                       
20000200  __STACK_TOP                   
20001000  __STACK_END                   
20001054  errno                         
ffffffff  __TI_pprof_out_hndl           
ffffffff  __TI_prof_data_size           
ffffffff  __TI_prof_data_start          
ffffffff  __binit__                     
ffffffff  __c_args__                    
ffffffff  binit                         
UNDEFED   __mpu_init                    
UNDEFED   _system_post_cinit            

[90 symbols]
